// Jest Snapshot v1, https://goo.gl/fbAQLP

exports[`Storyshots Components/Section Section 1`] = `
<section
  class="storybook-snapshot-container"
>
   
  <section
    class="links-section blue svelte-qtp5rb"
  >
    <h1
      class="svelte-qtp5rb"
    >
      section title
    </h1>
     
    <ul
      class="links svelte-qtp5rb"
    >
      <li
        class="link svelte-qtp5rb"
      >
        <a
          class="svelte-qtp5rb"
          href="https://github.com/giuxtaposition/startpage"
        >
          Link 1
        </a>
         
      </li>
      <li
        class="link svelte-qtp5rb"
      >
        <a
          class="svelte-qtp5rb"
          href="https://github.com/giuxtaposition/startpage"
        >
          Link 2
        </a>
         
      </li>
      <li
        class="link svelte-qtp5rb"
      >
        <a
          class="svelte-qtp5rb"
          href="https://github.com/giuxtaposition/startpage"
        >
          Link 3
        </a>
         
      </li>
    </ul>
  </section>
  
   
  
  
</section>
`;
